・githubへのTortoisegitによるPushについて
push時にURLを下記のものと設定する必要がある
https://tri1972:<ここにpersonal access tokenをいれる>@github.com/tri1972/TsPlanWebClient.git


・参考Url
https://www.tohoho-web.com/ex/angular.html

・Angularのテストモジュール生成
$ ng new <モジュール名>
? Would you like to add Angular routing? (y/N) y
? Which stylesheet format would you like to use? CSS	# カーソル移動キーで選択してEnter

Angularのサーバー起動
$ cd my-app
$ ng serve --host 0.0.0.0 --port 8080

Angularのデバッガ実行
デバッガの設定は
lanunch.jsonで設定している

$ cd my-app
$ ng serve --host 0.0.0.0 --port 4200
を実行しておく

デバッガの自動実行（F5を押すと始まる）
については以下のページを参照
https://qiita.com/amay077/items/62e1eb656fbd730b3dd1

コンポーネントの追加
$ ng generate component <コンポーネント名>

chromeでlocalhostにアクセスできない場合
参考url　https://qiita.com/hiraski/items/a399e5bb303124ff4cab


Angular Maqterial

インストール方法

使い方
app.module.ts（それか、このプロジェクトではこのモジュールよりmaterial.module.tsを分離している）
にimport


import { MatInputModule } from '@angular/material/input';

また、Exportも行う


  exports:[
    MatSliderModule,

注意点
mat-iconを使用する場合、以下のUrlをindex.htmlに貼り付ける必要がある 
<link href="https://fonts.googleapis.com/icon?family=Material+Icons"
      rel="stylesheet">

StaticWebAppのDeployに失敗する場合
以下のようなエラーが出る

PHP executable: /tmp/oryx/platforms/php/7.3.27/bin/php
No 'composer.json' file found; not running 'composer install'.
Preparing output...

Copying files to destination directory '/bin/staticsites/ss-oryx/app'...
Done in 0 sec(s).

Removing existing manifest file
Creating a manifest file...
Manifest file created.

Done in 1 sec(s).


---End of Oryx build logs---
The app build failed to produce artifact folder: 'dist'. Please ensure this property is configured correctly in your workflow file.

For further information, please visit the Azure Static Web Apps documentation at https://docs.microsoft.com/en-us/azure/static-web-apps/
If you believe this behavior is unexpected, please raise a GitHub issue at https://github.com/azure/static-web-apps/issues/
Exiting

上記を見る限り、コード中に.phpファイルを混ぜるとphp実行の為の設定ファイルが必要となり、
これが原因でDeployに失敗するよう
よって、必要がなかったphpファイルを削除し対応
